Resolving dependencies...
Downloading packages...
  app_links 6.4.1 (7.0.0 available)
  archive 4.0.7 (4.0.9 available)
  cross_file 0.3.5+1 (0.3.5+2 available)
  crypto 3.0.6 (3.0.7 available)
  dbus 0.7.11 (0.7.12 available)
  device_info_plus 11.3.0 (12.3.0 available)
  equatable 2.0.7 (2.0.8 available)
  ffi 2.1.4 (2.2.0 available)
  fl_chart 0.69.0 (1.1.1 available)
  flutter_dotenv 5.2.1 (6.0.0 available)
  flutter_launcher_icons 0.13.1 (0.14.4 available)
  flutter_lints 3.0.2 (6.0.0 available)
  flutter_local_notifications 17.2.4 (20.1.0 available)
  flutter_local_notifications_linux 4.0.1 (7.0.0 available)
  flutter_local_notifications_platform_interface 7.2.0 (10.0.0 available)
  flutter_markdown 0.7.7+1 (discontinued replaced by flutter_markdown_plus)
  flutter_stripe 11.5.0 (12.3.0 available)
  flutter_stripe_web 6.5.1 (7.3.0 available)
  freezed_annotation 2.4.4 (3.1.0 available)
  google_fonts 6.3.2 (8.0.2 available)
  image 4.5.4 (4.8.0 available)
  image_picker_android 0.8.13+10 (0.8.13+14 available)
  image_picker_ios 0.8.13+3 (0.8.13+6 available)
  json_annotation 4.9.0 (4.11.0 available)
  lints 3.0.0 (6.1.0 available)
  meta 1.17.0 (1.18.1 available)
  path_provider_android 2.2.19 (2.2.22 available)
  path_provider_foundation 2.4.2 (2.6.0 available)
  permission_handler 11.4.0 (12.0.1 available)
  permission_handler_android 12.1.0 (13.0.1 available)
  petitparser 7.0.1 (7.0.2 available)
  posix 6.0.3 (6.5.0 available)
  shared_preferences 2.5.3 (2.5.4 available)
  shared_preferences_android 2.4.18 (2.4.21 available)
  source_span 1.10.1 (1.10.2 available)
  stripe_android 11.5.0 (12.3.0 available)
  stripe_ios 11.5.0 (12.3.0 available)
  stripe_js 6.4.0 (7.3.0 available)
  stripe_platform_interface 11.5.0 (12.3.0 available)
  timezone 0.9.4 (0.11.0 available)
  url_launcher_ios 6.3.6 (6.4.1 available)
  url_launcher_web 2.4.1 (2.4.2 available)
  uuid 4.5.2 (4.5.3 available)
  vector_graphics_compiler 1.1.19 (1.2.0 available)
  win32 5.15.0 (6.0.0 available)
  win32_registry 1.1.5 (3.0.1 available)
Got dependencies!
1 package is discontinued.
45 packages have newer versions incompatible with dependency constraints.
Try `flutter pub outdated` for more information.
Analyzing sincro_app_flutter...                                 

warning - The left operand can't be null, so the right operand is never executed - lib\common\widgets\contact_picker_modal.dart:95:21 - dead_null_aware_expression
warning - The left operand can't be null, so the right operand is never executed - lib\common\widgets\contact_picker_modal.dart:97:21 - dead_null_aware_expression
   info - Use 'const' with the constructor to improve performance - lib\common\widgets\custom_end_date_picker_bottom_sheet.dart:87:11 - prefer_const_constructors
   info - Use 'const' with the constructor to improve performance - lib\common\widgets\custom_end_date_picker_bottom_sheet.dart:90:20 - prefer_const_constructors
warning - The left operand can't be null, so the right operand is never executed - lib\common\widgets\info_card.dart:326:25 - dead_null_aware_expression
warning - The left operand can't be null, so the right operand is never executed - lib\common\widgets\info_card.dart:331:44 - dead_null_aware_expression
warning - The left operand can't be null, so the right operand is never executed - lib\common\widgets\info_card.dart:358:54 - dead_null_aware_expression
   info - Statements in an if should be enclosed in a block - lib\common\widgets\mobile_filter_sheet.dart:456:11 - curly_braces_in_flow_control_structures
warning - The declaration '_hasActiveSelection' isn't referenced - lib\common\widgets\mobile_filter_sheet.dart:574:12 - unused_element
   info - Statements in an if should be enclosed in a block - lib\common\widgets\mobile_filter_sheet.dart:968:11 - curly_braces_in_flow_control_structures
   info - The 'child' argument should be last in widget constructor invocations - lib\common\widgets\mobile_filter_sheet.dart:1476:19 - sort_child_properties_last
   info - Use 'const' with the constructor to improve performance - lib\common\widgets\mobile_filter_sheet.dart:1637:13 - prefer_const_constructors
   info - Use 'const' with the constructor to improve performance - lib\common\widgets\mobile_filter_sheet.dart:1639:22 - prefer_const_constructors
   info - Use 'const' literals as arguments to constructors of '@immutable' classes - lib\common\widgets\mobile_filter_sheet.dart:1640:27 - prefer_const_literals_to_create_immutables
   info - Use 'const' with the constructor to improve performance - lib\common\widgets\mobile_filter_sheet.dart:1810:13 - prefer_const_constructors
   info - Use 'const' with the constructor to improve performance - lib\common\widgets\mobile_filter_sheet.dart:1812:22 - prefer_const_constructors
   info - Use 'const' literals as arguments to constructors of '@immutable' classes - lib\common\widgets\mobile_filter_sheet.dart:1813:27 - prefer_const_literals_to_create_immutables
   info - Unnecessary braces in a string interpolation - lib\common\widgets\mobile_filter_sheet.dart:2032:35 - unnecessary_brace_in_string_interps
warning - The value of the local variable 'selectionColor' isn't used - lib\common\widgets\mobile_filter_sheet.dart:2198:11 - unused_local_variable
warning - Unused import: 'package:sincro_app_flutter/common/widgets/custom_month_year_picker.dart' - lib\common\widgets\modern\schedule_task_sheet.dart:8:8 - unused_import
   info - Use 'const' with the constructor to improve performance - lib\common\widgets\modern\schedule_task_sheet.dart:411:12 - prefer_const_constructors
   info - Use 'const' with the constructor to improve performance - lib\common\widgets\modern\schedule_task_sheet.dart:414:14 - prefer_const_constructors
   info - Use 'const' literals as arguments to constructors of '@immutable' classes - lib\common\widgets\modern\schedule_task_sheet.dart:416:19 - prefer_const_literals_to_create_immutables
warning - A value for optional parameter 'useGreyishStyle' isn't ever given - lib\common\widgets\sincro_toolbar.dart:512:10 - unused_element_parameter
   info - Parameters ''settings' and 'fullscreenDialog'' could be super parameters - lib\core\routes\hero_dialog_route.dart:6:3 - use_super_parameters
warning - The declaration '_buildSubscriptionStatus' isn't referenced - lib\features\admin\presentation\tabs\admin_dashboard_tab.dart:466:10 - unused_element
   info - Don't use 'BuildContext's across async gaps, guarded by an unrelated 'mounted' check - lib\features\admin\presentation\tabs\admin_dashboard_tab.dart:785:36 - use_build_context_synchronously
warning - The value of the field '_usdToBrl' isn't used - lib\features\admin\presentation\tabs\admin_users_tab.dart:33:16 - unused_field
warning - The value of the field '_isExpanded' isn't used - lib\features\admin\presentation\widgets\admin_sidebar.dart:23:14 - unused_field
warning - The value of the field '_supabase' isn't used - lib\features\assistant\presentation\assistant_panel.dart:87:9 - unused_field
warning - The value of the field '_harmonyService' isn't used - lib\features\assistant\presentation\assistant_panel.dart:89:9 - unused_field
warning - The value of the field '_isLoading' isn't used - lib\features\assistant\presentation\assistant_panel.dart:96:8 - unused_field
warning - The value of the field '_isSheetExpanded' isn't used - lib\features\assistant\presentation\assistant_panel.dart:109:14 - unused_field
warning - The value of the field '_n8nService' isn't used - lib\features\assistant\presentation\assistant_panel.dart:112:20 - unused_field
warning - The declaration '_buildTypingIndicator' isn't referenced - lib\features\assistant\presentation\assistant_panel.dart:849:10 - unused_element
warning - The declaration '_buildTextBubble' isn't referenced - lib\features\assistant\presentation\assistant_panel.dart:1138:10 - unused_element
   info - Don't use 'BuildContext's across async gaps - lib\features\assistant\presentation\assistant_panel.dart:1435:28 - use_build_context_synchronously
   info - Statements in an if should be enclosed in a block - lib\features\assistant\presentation\assistant_panel.dart:1463:7 - curly_braces_in_flow_control_structures
   info - Statements in an if should be enclosed in a block - lib\features\assistant\presentation\assistant_panel.dart:1465:7 - curly_braces_in_flow_control_structures
warning - The declaration '_pickDate' isn't referenced - lib\features\assistant\presentation\widgets\action_proposal_bubble.dart:47:16 - unused_element
warning - The value of the local variable 'tags' isn't used - lib\features\assistant\presentation\widgets\action_proposal_bubble.dart:93:11 - unused_local_variable
warning - The value of the local variable 'feedbackIcon' isn't used - lib\features\assistant\presentation\widgets\action_proposal_bubble.dart:180:14 - unused_local_variable
warning - The value of the local variable 'bH' isn't used - lib\features\assistant\presentation\widgets\agent_star_icon.dart:378:11 - unused_local_variable
warning - The value of the field '_widthFactor' isn't used - lib\features\assistant\presentation\widgets\chat_animations.dart:265:26 - unused_field
warning - The value of the field '_heightFactor' isn't used - lib\features\assistant\presentation\widgets\chat_animations.dart:266:26 - unused_field
warning - The value of the local variable 'isFirstOfDay' isn't used - lib\features\assistant\services\assistant_service.dart:91:11 - unused_local_variable
warning - The value of the local variable 'currentRoute' isn't used - lib\features\assistant\services\assistant_service.dart:94:11 - unused_local_variable
warning - The value of the local variable 'routeArgs' isn't used - lib\features\assistant\services\assistant_service.dart:95:11 - unused_local_variable
   info - Don't use 'BuildContext's across async gaps, guarded by an unrelated 'mounted' check - lib\features\authentication\presentation\user_details\user_details_screen.dart:483:32 - use_build_context_synchronously
warning - The value of the field '_isChangingMonth' isn't used - lib\features\calendar\presentation\calendar_screen.dart:60:14 - unused_field
warning - The value of the field '_currentTasksCreatedAt' isn't used - lib\features\calendar\presentation\calendar_screen.dart:68:19 - unused_field
warning - The declaration '_openAddTaskModal' isn't referenced - lib\features\calendar\presentation\calendar_screen.dart:266:8 - unused_element
warning - This 'onError' handler must return a value assignable to 'TaskModel?', but ends without returning a value - lib\features\calendar\presentation\calendar_screen.dart:342:67 - body_might_complete_normally_catch_error
   info - Don't use 'BuildContext's across async gaps - lib\features\calendar\presentation\calendar_screen.dart:464:28 - use_build_context_synchronously
warning - The value of the local variable 'today' isn't used - lib\features\calendar\presentation\calendar_screen.dart:536:13 - unused_local_variable
warning - The left operand can't be null, so the right operand is never executed - lib\features\calendar\presentation\calendar_screen.dart:571:34 - dead_null_aware_expression
warning - The left operand can't be null, so the right operand is never executed - lib\features\calendar\presentation\widgets\calendar_header.dart:63:46 - dead_null_aware_expression
warning - The left operand can't be null, so the right operand is never executed - lib\features\calendar\presentation\widgets\calendar_header.dart:134:50 - dead_null_aware_expression
warning - This 'onError' handler must return a value assignable to 'TaskModel?', but ends without returning a value - lib\features\dashboard\presentation\dashboard_screen.dart:510:74 - body_might_complete_normally_catch_error
warning - The declaration '_reduzirLocal' isn't referenced - lib\features\dashboard\presentation\dashboard_screen.dart:2039:7 - unused_element
warning - The value of the local variable 'todayPersonalDay' isn't used - lib\features\dashboard\presentation\widgets\focus_day_card.dart:60:15 - unused_local_variable
warning - Unused import: 'package:sincro_app_flutter/features/goals/presentation/create_goal_screen.dart' - lib\features\goals\presentation\goal_detail_screen.dart:18:8 - unused_import
warning - Unused import: 'package:sincro_app_flutter/features/goals/presentation/widgets/goal_filter_panel.dart' - lib\features\goals\presentation\goal_detail_screen.dart:26:8 - unused_import
warning - The value of the field '_filterOverlay' isn't used - lib\features\goals\presentation\goal_detail_screen.dart:78:17 - unused_field
warning - The left operand can't be null, so the right operand is never executed - lib\features\goals\presentation\goal_detail_screen.dart:252:53 - dead_null_aware_expression
warning - The left operand can't be null, so the right operand is never executed - lib\features\goals\presentation\goal_detail_screen.dart:253:77 - dead_null_aware_expression
   info - The local variable '_setFilter' starts with an underscore - lib\features\goals\presentation\goal_detail_screen.dart:452:10 - no_leading_underscores_for_local_identifiers
warning - Unused import: 'package:sincro_app_flutter/features/tasks/presentation/foco_do_dia_screen.dart' - lib\features\goals\presentation\widgets\goal_filter_panel.dart:4:8 - unused_import
   info - Unnecessary instance of 'Container' - lib\features\goals\presentation\widgets\goal_filter_panel.dart:176:26 - avoid_unnecessary_containers
   info - Don't use 'BuildContext's across async gaps - lib\features\harmony\presentation\widgets\love_compatibility_modal.dart:157:28 - use_build_context_synchronously
warning - The value of the local variable 'harmoniaA' isn't used - lib\features\harmony\presentation\widgets\love_compatibility_modal.dart:521:11 - unused_local_variable
   info - Statements in an if should be enclosed in a block - lib\features\harmony\presentation\widgets\love_compatibility_modal.dart:528:7 - curly_braces_in_flow_control_structures
   info - Statements in an if should be enclosed in a block - lib\features\harmony\presentation\widgets\love_compatibility_modal.dart:530:7 - curly_braces_in_flow_control_structures
   info - 'magic' is deprecated and shouldn't be used. Use "wandMagic" instead - lib\features\harmony\presentation\widgets\love_compatibility_modal.dart:858:47 - deprecated_member_use
warning - The method doesn't override an inherited method - lib\features\harmony\presentation\widgets\love_compatibility_modal.dart:1018:11 - override_on_non_overriding_member
   info - Don't use 'BuildContext's across async gaps - lib\features\harmony\presentation\widgets\professional_aptitude_modal.dart:100:28 - use_build_context_synchronously
warning - The value of the field '_successMessage' isn't used - lib\features\harmony\presentation\widgets\select_user_modal.dart:25:11 - unused_field
warning - Unused import: 'package:animations/animations.dart' - lib\features\journal\presentation\journal_editor_screen.dart:6:8 - unused_import
warning - Unused import: 'package:flutter_animate/flutter_animate.dart' - lib\features\journal\presentation\journal_editor_screen.dart:7:8 - unused_import
   info - Statements in an if should be enclosed in a block - lib\features\journal\presentation\journal_editor_screen.dart:113:7 - curly_braces_in_flow_control_structures
warning - The value of the local variable 'offset' isn't used - lib\features\journal\presentation\journal_editor_screen.dart:117:9 - unused_local_variable
warning - The declaration '_updateJournalFromTasks' isn't referenced - lib\features\journal\presentation\journal_editor_screen.dart:283:16 - unused_element
warning - The declaration '_syncTasksWithJournal' isn't referenced - lib\features\journal\presentation\journal_editor_screen.dart:888:16 - unused_element
warning - The value of the local variable 'personalDay' isn't used - lib\features\journal\presentation\journal_editor_screen.dart:893:11 - unused_local_variable
warning - The value of the local variable 'unlinkedTask' isn't used - lib\features\journal\presentation\journal_editor_screen.dart:1077:17 - unused_local_variable
warning - The value of the local variable 'updated' isn't used - lib\features\journal\presentation\journal_editor_screen.dart:1103:17 - unused_local_variable
warning - 'characterShortcutEvents' is experimental and could be removed or changed at any time - lib\features\journal\presentation\journal_editor_screen.dart:1562:17 - experimental_member_use
warning - 'spaceShortcutEvents' is experimental and could be removed or changed at any time - lib\features\journal\presentation\journal_editor_screen.dart:1563:17 - experimental_member_use
warning - 'onKeyPressed' is experimental and could be removed or changed at any time - lib\features\journal\presentation\journal_editor_screen.dart:1565:17 - experimental_member_use
warning - The value of the local variable 'docChanged' isn't used - lib\features\journal\presentation\journal_editor_screen.dart:2349:12 - unused_local_variable
warning - Unnecessary type check; the result is always 'true' - lib\features\journal\presentation\journal_editor_screen.dart:2704:19 - unnecessary_type_check
warning - Unused import: 'package:collection/collection.dart' - lib\features\journal\presentation\journal_screen.dart:1:8 - unused_import
warning - Unused import: 'package:uuid/uuid.dart' - lib\features\journal\presentation\journal_screen.dart:15:8 - unused_import
warning - Unused import: 'package:sincro_app_flutter/common/widgets/custom_end_date_picker_dialog.dart' - lib\features\journal\presentation\journal_screen.dart:24:8 - unused_import
warning - The value of the field '_currentScope' isn't used - lib\features\journal\presentation\journal_screen.dart:47:20 - unused_field
warning - The declaration '_calculatePersonalDay' isn't referenced - lib\features\journal\presentation\journal_screen.dart:63:7 - unused_element
   info - Statements in an if should be enclosed in a block - lib\features\journal\presentation\journal_screen.dart:829:43 - curly_braces_in_flow_control_structures
   info - Statements in an if should be enclosed in a block - lib\features\journal\presentation\journal_screen.dart:902:43 - curly_braces_in_flow_control_structures
  error - Target of URI doesn't exist: 'package:sincro_app_flutter/services/firestore_service.dart' - lib\features\journal\presentation\tabs\account_settings_tab.dart:7:8 - uri_does_not_exist
  error - The method 'FirestoreService' isn't defined for the type '_AccountSettingsTabState' - lib\features\journal\presentation\tabs\account_settings_tab.dart:18:29 - undefined_method
  error - Target of URI doesn't exist: 'package:sincro_app_flutter/services/firestore_service.dart' - lib\features\journal\presentation\tabs\numerology_settings_tab.dart:7:8 - uri_does_not_exist
  error - The method 'FirestoreService' isn't defined for the type '_NumerologySettingsTabState' - lib\features\journal\presentation\tabs\numerology_settings_tab.dart:18:29 - undefined_method
warning - The declaration '_selectAll' isn't referenced - lib\features\notifications\presentation\notification_center_screen.dart:117:8 - unused_element
warning - This default clause is covered by the previous cases - lib\features\notifications\presentation\notification_center_screen.dart:739:7 - unreachable_switch_default
   info - Don't use 'BuildContext's across async gaps - lib\features\notifications\presentation\widgets\notification_detail_modal.dart:127:28 - use_build_context_synchronously
warning - The declaration '_shareProfile' isn't referenced - lib\features\settings\presentation\tabs\contacts_settings_tab.dart:148:8 - unused_element
   info - 'Share' is deprecated and shouldn't be used. Use SharePlus instead - lib\features\settings\presentation\tabs\contacts_settings_tab.dart:150:5 - deprecated_member_use
   info - 'share' is deprecated and shouldn't be used. Use SharePlus.instance.share() instead - lib\features\settings\presentation\tabs\contacts_settings_tab.dart:150:11 - deprecated_member_use
warning - The value of the field '_isLoadingPortal' isn't used - lib\features\settings\presentation\tabs\plan_settings_tab.dart:18:14 - unused_field
warning - The value of the local variable 'isDesktop' isn't used - lib\features\settings\presentation\tabs\plan_settings_tab.dart:26:11 - unused_local_variable
   info - 'Share' is deprecated and shouldn't be used. Use SharePlus instead - lib\features\settings\presentation\widgets\settings_header.dart:13:5 - deprecated_member_use
   info - 'share' is deprecated and shouldn't be used. Use SharePlus.instance.share() instead - lib\features\settings\presentation\widgets\settings_header.dart:13:11 - deprecated_member_use
warning - Unused import: 'package:table_calendar/table_calendar.dart' - lib\features\tasks\presentation\foco_do_dia_screen.dart:4:8 - unused_import
warning - Unused import: 'package:sincro_app_flutter/features/tasks/models/task_view_scope.dart' - lib\features\tasks\presentation\foco_do_dia_screen.dart:9:8 - unused_import
warning - Duplicate import - lib\features\tasks\presentation\foco_do_dia_screen.dart:29:8 - duplicate_import
warning - Unused import: 'package:sincro_app_flutter/features/tasks/models/task_view_scope.dart' - lib\features\tasks\presentation\foco_do_dia_screen.dart:29:8 - unused_import
warning - The value of the field '_vibrationNumbers' isn't used - lib\features\tasks\presentation\foco_do_dia_screen.dart:62:19 - unused_field
warning - This 'onError' handler must return a value assignable to 'TaskModel?', but ends without returning a value - lib\features\tasks\presentation\foco_do_dia_screen.dart:249:67 - body_might_complete_normally_catch_error
warning - The declaration '_calculateRecurrenceDates' isn't referenced - lib\features\tasks\presentation\foco_do_dia_screen.dart:286:18 - unused_element
warning - The value of the field '_filterButtonKey' isn't used - lib\features\tasks\presentation\foco_do_dia_screen.dart:812:19 - unused_field
   info - The local variable '_setFilter' starts with an underscore - lib\features\tasks\presentation\foco_do_dia_screen.dart:1002:10 - no_leading_underscores_for_local_identifiers
warning - The declaration '_formatDateLabel' isn't referenced - lib\features\tasks\presentation\widgets\task_detail_modal.dart:1498:10 - unused_element
   info - Don't use 'BuildContext's across async gaps - lib\features\tasks\presentation\widgets\task_input_modal.dart:567:7 - use_build_context_synchronously
warning - The declaration '_handleClose' isn't referenced - lib\features\tasks\presentation\widgets\task_input_modal.dart:622:8 - unused_element
   info - 'isInDebugMode' is deprecated and shouldn't be used. Use WorkmanagerDebug handlers instead. This parameter has no effect - lib\main.dart:109:11 - deprecated_member_use
warning - Two keys in a map literal shouldn't be equal - lib\models\user_model.dart:103:7 - equal_keys_in_map
warning - The value of the local variable 'now' isn't used - lib\services\notification_service.dart:443:13 - unused_local_variable
warning - The value of the local variable 'todayStart' isn't used - lib\services\notification_service.dart:471:13 - unused_local_variable
warning - The value of the local variable 'diaFavoravel' isn't used - lib\services\notification_service.dart:606:13 - unused_local_variable
   info - Don't invoke 'print' in production code - lib\services\storage_service.dart:69:7 - avoid_print
   info - Statements in an if should be enclosed in a block - lib\services\supabase_service.dart:1810:9 - curly_braces_in_flow_control_structures
   info - Statements in an if should be enclosed in a block - lib\services\supabase_service.dart:1961:17 - curly_braces_in_flow_control_structures
   info - Statements in an if should be enclosed in a block - lib\services\supabase_service.dart:1963:17 - curly_braces_in_flow_control_structures
   info - Statements in an if should be enclosed in a block - lib\services\supabase_service.dart:1965:17 - curly_braces_in_flow_control_structures
   info - Statements in an if should be enclosed in a block - lib\services\supabase_service.dart:1967:17 - curly_braces_in_flow_control_structures
   info - Statements in an if should be enclosed in a block - lib\services\supabase_service.dart:1969:17 - curly_braces_in_flow_control_structures
warning - The value of the local variable 'settings' isn't used - lib\services\supabase_service.dart:2100:34 - unused_local_variable
  error - Target of URI doesn't exist: 'package:sincro_app_flutter/features/assistant/services/assistant_prompt_builder.dart' - test\assistant_prompt_builder_test.dart:2:8 - uri_does_not_exist
  error - Undefined name 'AssistantPromptBuilder' - test\assistant_prompt_builder_test.dart:32:22 - undefined_identifier
   info - Don't invoke 'print' in production code - test\verify_numerology_cases.dart:58:5 - avoid_print

